$LC0
$LC1
$LC2
$LC3
$LC4
$LC5
$LC6
$LC7
$LC8
$LC9
$LC10
$LC11
$LC12
$LC13
$LC14
$LC15
$LC16
$LC17
$LC18
$LC19
$LC20
$LC21
$LC22
$LC23
$LC24
$LC25
$LC26
$LC27
$LC28
$LC29
$LC30
$LC31
$LC32
$LC33
$LC34
$LC35
$LC36
$LC37
$LC38
$LC39
$LC40
$LC41
$LC42
$LC43
$LC44
$LC45
$LC46
$LC47
$LC48
$LC49
$LC50
$LC51
$LC52
$LC53
$LC54
$LC55
$LC56
$LC57
$LC58
$LC59
$LC60
$LC61
$LC62
$LC63
$LC64
$LC65
$LC66
$LC67
$LC68
$LC69
$LC70
$LC71
$LC72
$LC73
$LC74
$LC75
$LC76
$LC77
$LC78
$LC79
$LC80
$LC81
$LC82
$LC83
$LC84
$LC85
$LC86
$LC87
$LC88
$LC89
$LC90
$LC91
$LC92
$LC93
$LC94
$LC95
$LC96
$LC97
$LC98
$LC99
$LC100
$LC101
$LC102
$LC103
$LC104
$LC105
$LC106
$LC107
$LC108
$LC109
$LC110
$LC111
$LC112
$LC113
$LC114
$LC115
$LC116
$LC117
$LC118
$LC119
$LC120
$LC121
$LC122
$LC123
$LC124
$LC125
$LC126
$LC127
$LC128
$LC129
$LC130
$LC131
$LC132
$LC133
$LC134
$LC135
$LC136
$LC137
$LC138
$LC139
$LC140
$LC141
$LC142
$LC143
$LC144
$LC145
$LC146
$LC147
$LC148
$LC149
$LC150
$LC151
$LC152
$LC153
$LC154
$LC155
$LC156
$LC157
$LC158
$LC159
$LC160
$LC161
$LC162
$LC163
$LC164
$LC165
$LC166
$LC167
$LC168
$LC169
$LC170
$LC171
$LC172
$LC173
$LC174
$LC175
$LC176
$LC177
$LC178
$LC179
$LC180
$LC181
$LC182
$LC183
$LC184
$LC185
$LC186
$LC187
$LC188
$LC189
$LC190
$LC191
$LC192
$LC193
$LC194
$LC195
$LC196
$LC197
$LC198
$LC199
$LC200
$LC201
$LC202
$LC203
$LC204
$LC205
$LC206
$LC207
$LC208
$LC209
$LC210
$LC211
$LC212
$LC213
$LC214
$LC215
$LC216
$LC217
$LC218
$LC219
$LC220
$LC221
$LC222
$LC223
$LC224
$LC225
$LC226
$LC227
$LC228
$LC229
$LC230
$LC231
$LC232
$LC233
$LC234
$LC235
$LC236
$LC237
$LC238
$LC239
$LC240
$LC241
$LC242
$LC243
$LC244
$LC245
$LC246
$LC247
$LC248
$LC249
$LC250
$LC251
$LC252
$LC253
$LC254
$LC255
$LC256
$LC257
$LC258
$LC259
$LC260
$LC261
$LC262
$LC263
$LC264
$LC265
$LC266
$LC267
$LC268
$LC269
$LC270
$LC271
$LC272
$LC273
$LC274
$LC275
$LC276
$LC277
$LC278
$LC279
$LC280
$LC281
$LC282
$LC283
$LC284
$LC285
$LC286
$LC287
$LC288
$LC289
$LC290
$LC291
$LC292
$LC293
$LC294
$LC295
$LC296
$LC297
$LC298
$LC299
$LC300
$LC301
$LC302
$LC303
$LC304
$LC305
$LC306
$LC307
$LC308
$LC309
$LC310
$LC311
$LC312
$LC313
$LC314
$LC315
$LC316
$LC317
$LC318
$LC319
$LC320
$LC321
$LC322
$LC323
$LC324
$LC325
$LC326
$LC327
$LC328
$LC329
$LC330
$LC331
$LC332
$LC333
$LC334
$LC335
$LC336
$LC337
$LC338
$LC339
$LC340
$LC341
$LC342
$LC343
$LC344
$LC345
$LC346
$LC347
$LC348
$LC349
$LC350
$LC351
$LC352
$LC353
$LC354
$LC355
$LC356
$LC357
$LC358
$LC359
$LC360
$LC361
$LC362
$LC363
$LC364
$LC365
$LC366
$LC367
$LC368
$LC369
$LC370
$LC371
$LC372
$LC373
$LC374
$LC375
$LC376
$LC377
$LC378
$LC379
$LC380
$LC381
$LC382
$LC383
$LC384
$LC385
$LC386
$LC387
$LC388
$LC389
$LC390
$LC391
$LC392
$LC393
$LC394
$LC395
$LC396
$LC397
$LC398
$LC399
$LC400
$LC401
$LC402
$LC403
$LC404
$LC405
$LC406
$LC407
$LC408
$LC409
$LC410
$LC411
$LC412
$LC413
$LC414
$LC415
$LC416
$LC417
$LC418
$LC419
$LC420
$LC421
$LC422
$LC423
$LC424
$LC425
$LC426
$LC427
$LC428
$LC429
$LC430
$LC431
$LC432
$LC433
$LC434
$LC435
$LC436
$LC437
$LC438
$LC439
$LC440
$LC441
$LC442
$LC443
$LC444
$LC445
$LC446
$LC447
$LC448
$LC449
$LC450
$LC451
$LC452
$LC453
$LC454
$LC455
$LC456
$LC457
$LC458
$LC459
$LC460
$LC461
$LC462
$LC463
$LC464
$LC465
$LC466
$LC467
$LC468
$LC469
$LC470
$LC471
$LC472
$LC473
$LC474
$LC475
$LC476
$LC477
$LC478
$LC479
$LC480
$LC481
$LC482
$LC483
$LC484
$LC485
$LC486
$LC487
$LC488
$LC489
$LC490
$LC491
$LC492
$LC493
$LC494
$LC495
$LC496
$LC497
$LC498
$LC499
$LC500
$LC501
$LC502
$LC503
$LC504
$LC505
$LC506
$LC507
$LC508
$LC509
$LC510
$LC511
$LC512
$LC513
$LC514
$LC515
$LC516
$LC517
$LC518
$LC519
$LC520
$LC521
$LC522
$LC523
$LC524
$LC525
$LC526
$LC527
$LC528
$LC529
$LC530
$LC531
$LC532
$LC533
$LC534
$LC535
$LC536
$LC537
$LC538
$LC539
$LC540
$LC541
$LC542
$LC543
$LC544
$LC545
$LC546
$LC547
$LC548
$LC549
$LC550
$LC551
$LC552
$LC553
$LC554
$LC555
$LC556
$LC557
$LC558
$LC559
$LC560
$LC561
$LC562
$LC563
$LC564
$LC565
$LC566
$LC567
$LC568
$LC569
$LC570
$LC571
$LC572
$LC573
$LC574
$LC575
$LC576
$LC577
$LC578
$LC579
$LC580
$LC581
$LC582
$LC583
$LC584
$LC585
$LC586
$LC587
$LC588
$LC589
$LC590
$LC591
$LC592
$LC593
$LC594
$LC595
$LC596
$LC597
$LC598
$LC599
$LC600
$LC601
$LC602
$LC603
$LC604
$LC605
$LC606
$LC607
$LC608
$LC609
$LC610
$LC611
$LC612
$LC613
$LC614
$LC615
$LC616
$LC617
$LC618
$LC619
$LC620
$LC621
$LC622
$LC623
$LC624
$LC625
$LC626
$LC627
$LC628
$LC629
$LC630
$LC631
$LC632
$LC633
$LC634
$LC635
$LC636
$LC637
$LC638
$LC639
$LC640
$LC641
$LC642
$LC643
$LC644
$LC645
$LC646
$LC647
$LC648
$LC649
$LC650
$LC651
$LC652
$LC653
$LC654
$LC655
$LC656
$LC657
$LC658
$LC659
$LC660
$LC661
$LC662
$LC663
$LC664
$LC665
$LC666
$LC667
$LC668
$LC669
$LC670
$LC671
$LC672
$LC673
$LC674
$LC675
$LC676
$LC677
$LC678
$LC679
$LC680
$LC681
$LC682
$LC683
$LC684
$LC685
$LC686
$LC687
$LC688
$LC689
$LC690
$LC691
$LC692
$LC693
$LC694
$LC695
$LC696
$LC697
$LC698
$LC699
$LC700
$LC701
$LC702
$LC703
$LC704
$LC705
$LC706
$LC707
$LC708
$LC709
$LC710
$LC711
$LC712
$LC713
$LC714
$LC715
$LC716
$LC717
$LC718
$LC719
$LC720
$LC721
$LC722
$LC723
$LC724
$LC725
$LC726
$LC727
$LC728
$LC729
$LC730
$LC731
$LC732
$LC733
$LC734
$LC735
$LC736
$LC737
$LC738
$LC739
$LC740
$LC741
$LC742
$LC743
$LC744
$LC745
$LC746
$LC747
$LC748
$LC749
$LC750
$LC751
$LC752
$LC753
$LC754
$LC755
$LC756
$LC757
$LC758
$LC759
$LC760
$LC761
$LC762
$LC763
$LC764
$LC765
$LC766
$LC767
$LC768
$LC769
$LC770
$LC771
$LC772
$LC773
$LC774
$LC775
$LC776
$LC777
$LC778
$LC779
$LC780
$LC781
$LC782
$LC783
$LC784
$LC785
$LC786
$LC787
$LC788
$LC789
$LC790
$LC791
$LC792
$LC793
$LC794
$LC795
$LC796
$LC797
$LC798
$LC799
$LC800
$LC801
$LC802
$LC803
$LC804
$LC805
$LC806
$LC807
$LC808
$LC809
$LC810
$LC811
$LC812
$LC813
$LC814
$LC815
$LC816
$LC817
$LC818
$LC819
$LC820
$LC821
$LC822
$LC823
$LC824
$LC825
$LC826
$LC827
$LC828
$LC829
$LC830
$LC831
$LC832
$LC833
$LC834
$LC835
$LC836
$LC837
$LC838
$LC839
$LC840
$LC841
$LC842
$LC843
$LC844
$LC845
$LC846
$LC847
$LC848
$LC849
$LC850
$LC851
$LC852
$LC853
$LC854
$LC855
$LC856
$LC857
$LC858
$LC859
$LC860
$LC861
$LC862
$LC863
$LC864
$LC865
$LC866
$LC867
$LC868
$LC869
$LC870
$LC871
$LC872
$LC873
$LC874
$LC875
$LC876
$LC877
$LC878
$LC879
$LC880
$LC881
$LC882
$LC883
$LC884
$LC885
$LC886
$LC887
$LC888
$LC889
$LC890
$LC891
$LC892
$LC893
$LC894
$LC895
$LC896
$LC897
$LC898
$LC899
$LC900
$LC901
$LC902
$LC903
$LC904
$LC905
$LC906
$LC907
$LC908
$LC909
$LC910
$LC911
$LC912
$LC913
$LC914
$LC915
$LC916
$LC917
$LC918
$LC919
$LC920
$LC921
$LC922
$LC923
$LC924
$LC925
$LC926
$LC927
$LC928
$LC929
$LC930
$LC931
$LC932
$LC933
$LC934
$LC935
$LC936
$LC937
$LC938
$LC939
$LC940
$LC941
$LC942
$LC943
$LC944
$LC945
$LC946
$LC947
$LC948
$LC949
$LC950
$LC951
$LC952
$LC953
$LC954
$LC955
$LC956
$LC957
$LC958
$LC959
$LC960
$LC961
$LC962
$LC963
$LC964
$LC965
$LC966
$LC967
$LC968
$LC969
$LC970
$LC971
$LC972
$LC973
$LC974
$LC975
$LC976
$LC977
$LC978
$LC979
$LC980
$LC981
$LC982
$LC983
$LC984
$LC985
$LC986
$LC987
$LC988
$LC989
$LC990
$LC991
$LC992
$LC993
$LC994
$LC995
$LC996
$LC997
$LC998
$LC999
$LC1000
$LC1001
$LC1002
$LC1003
$LC1004
$LC1005
$LC1006
$LC1007
$LC1008
$LC1009
$LC1010
$LC1011
$LC1012
$LC1013
$LC1014
$LC1015
$LC1016
$LC1017
$LC1018
$LC1019
$LC1020
$LC1021
$LC1022
$LC1023
$LC1024
$LC1025
$LC1026
$LC1027
$LC1028
$LC1029
$LC1030
$LC1031
$LC1032
$LC1033
$LC1034
$LC1035
$LC1036
$LC1037
$LC1038
$LC1039
$LC1040
$LC1041
$LC1042
$LC1043
$LC1044
$LC1045
$LC1046
$LC1047
$LC1048
$LC1049
$LC1050
$LC1051
$LC1052
$LC1053
$LC1054
$LC1055
$LC1056
$LC1057
$LC1058
$LC1059
$LC1060
$LC1061
$LC1062
$LC1063
$LC1064
$LC1065
$LC1066
$LC1067
$LC1068
$LC1069
$LC1070
$LC1071
$LC1072
$LC1073
$LC1074
$LC1075
$LC1076
$LC1077
$LC1078
$LC1079
$LC1080
$LC1081
$LC1082
$LC1083
$LC1084
$LC1085
$LC1086
$LC1087
$LC1088
$LC1089
$LC1090
$LC1091
$LC1092
$LC1093
$LC1094
$LC1095
$LC1096
$LC1097
$LC1098
$LC1099
$LC1100
$LC1101
$LC1102
$LC1103
$LC1104
$LC1105
$LC1106
$LC1107
$LC1108
$LC1109
$LC1110
$LC1111
$LC1112
$LC1113
$LC1114
$LC1115
$LC1116
$LC1117
$LC1118
$LC1119
$LC1120
$LC1121
$LC1122
$LC1123
$LC1124
$LC1125
$LC1126
$LC1127
$LC1128
$LC1129
$LC1130
$LC1131
$LC1132
$LC1133
$LC1134
$LC1135
$LC1136
$LC1137
$LC1138
$LC1139
$LC1140
$LC1141
$LC1142
$LC1143
$LC1144
$LC1145
$LC1146
$LC1147
$LC1148
$LC1149
$LC1150
$LC1151
$LC1152
$LC1153
$LC1154
$LC1155
$LC1156
$LC1157
$LC1158
$LC1159
$LC1160
$LC1161
$LC1162
$LC1163
$LC1164
$LC1165
$LC1166
$LC1167
$LC1168
$LC1169
$LC1170
$LC1171
$LC1172
$LC1173
$LC1174
$LC1175
$LC1176
$LC1177
$LC1178
$LC1179
$LC1180
$LC1181
$LC1182
$LC1183
$LC1184
$LC1185
$LC1186
$LC1187
$LC1188
$LC1189
$LC1190
$LC1191
$LC1192
$LC1193
$LC1194
$LC1195
$LC1196
$LC1197
$LC1198
$LC1199
$LC1200
$LC1201
$LC1202
$LC1203
$LC1204
$LC1205
$LC1206
$LC1207
$LC1208
$LC1209
$LC1210
$LC1211
$LC1212
$LC1213
$LC1214
$LC1215
$LC1216
$LC1217
$LC1218
$LC1219
$LC1220
$LC1221
$LC1222
$LC1223
$LC1224
$LC1225
$LC1226
$LC1227
$LC1228
$LC1229
$LC1230
$LC1231
$LC1232
$LC1233
$LC1234
$LC1235
$LC1236
$LC1237
$LC1238
$LC1239
$LC1240
$LC1241
$LC1242
$LC1243
$LC1244
$LC1245
$LC1246
$LC1247
$LC1248
$LC1249
$LC1250
$LC1251
$LC1252
$LC1253
$LC1254
$LC1255
$LC1256
$LC1257
$LC1258
$LC1259
$LC1260
$LC1261
$LC1262
$LC1263
$LC1264
$LC1265
$LC1266
$LC1267
$LC1268
$LC1269
$LC1270
$LC1271
$LC1272
$LC1273
$LC1274
$LC1275
$LC1276
$LC1277
$LC1278
$LC1279
$LC1280
$LC1281
$LC1282
$LC1283
$LC1284
$LC1285
$LC1286
$LC1287
$LC1288
$LC1289
$LC1290
$LC1291
$LC1292
$LC1293
$LC1294
$LC1295
$LC1296
$LC1297
$LC1298
$LC1299
$LC1300
$LC1301
$LC1302
$LC1303
$LC1304
$LC1305
$LC1306
$LC1307
$LC1308
$LC1309
$LC1310
$LC1311
$LC1312
$LC1313
$LC1314
$LC1315
$LC1316
$LC1317
$LC1318
$LC1319
$LC1320
$LC1321
$LC1322
$LC1323
$LC1324
$LC1325
$LC1326
$LC1327
$LC1328
$LC1329
$LC1330
$LC1331
$LC1332
$LC1333
$LC1334
$LC1335
$LC1336
$LC1337
$LC1338
$LC1339
$LC1340
$LC1341
$LC1342
$LC1343
$LC1344
$LC1345
$LC1346
$LC1347
$LC1348
$LC1349
$LC1350
$LC1351
$LC1352
$LC1353
$LC1354
$LC1355
$LC1356
$LC1357
$LC1358
$LC1359
$LC1360
$LC1361
$LC1362
$LC1363
$LC1364
$LC1365
$LC1366
$LC1367
$LC1368
$LC1369
$LC1370
$LC1371
$LC1372
$LC1373
$LC1374
$LC1375
$LC1376
$LC1377
$LC1378
$LC1379
$LC1380
$LC1381
$LC1382
$LC1383
$LC1384
$LC1385
$LC1386
$LC1387
$LC1388
$LC1389
$LC1390
$LC1391
$LC1392
$LC1393
$LC1394
$LC1395
$LC1396
$LC1397
$LC1398
$LC1399
$LC1400
$LC1401
$LC1402
$LC1403
$LC1404
$LC1405
$LC1406
$LC1407
$LC1408
$LC1409
$LC1410
$LC1411
$LC1412
$LC1413
$LC1414
$LC1415
$LC1416
$LC1417
$LC1418
$LC1419
$LC1420
$LC1421
$LC1422
$LC1423
$LC1424
$LC1425
$LC1426
$LC1427
$LC1428
$LC1429
$LC1430
$LC1431
$LC1432
$LC1433
$LC1434
$LC1435
$LC1436
$LC1437
$LC1438
$LC1439
$LC1440
$LC1441
$LC1442
$LC1443
$LC1444
$LC1445
$LC1446
$LC1447
$LC1448
$LC1449
$LC1450
$LC1451
$LC1452
$LC1453
$LC1454
$LC1455
$LC1456
$LC1457
$LC1458
$LC1459
$LC1460
$LC1461
$LC1462
$LC1463
$LC1464
$LC1465
$LC1466
$LC1467
$LC1468
$LC1469
$LC1470
$LC1471
$LC1472
$LC1473
$LC1474
$LC1475
$LC1476
$LC1477
$LC1478
$LC1479
$LC1480
$LC1481
$LC1482
$LC1483
$LC1484
$LC1485
$LC1486
$LC1487
$LC1488
$LC1489
$LC1490
$LC1491
$LC1492
$LC1493
$LC1494
$LC1495
$LC1496
$LC1497
$LC1498
$LC1499
pad_01_8030EA7C_text
fn_8030EAF8
SNDebugBoot
fn_8030EEC0
fn_8030F6EC
fn_8030F79C
fn_8030FA30
ISIentry
fn_803103FC
fn_803104B4
fn_80310718
fn_80310750
gap_01_80310AE8_text
fn_80310DE4
fn_80310DEC
fn_80310DF4
fn_80310DFC
fn_80310E04
fn_80310E0C
fn_80310E14
fn_80310E1C
fn_80310E24
fn_80310E2C
fn_80310E34
fn_80310E3C
fn_803116E8
fn_80311758
gap_01_80311864_text
fn_80311954
fn_803119E8
fn_80311A00
fn_80311A10
fn_80311A28
fn_80311A50
gap_01_80311AC8_text
fn_80311AD8
__div2u
__mod2u
__va_arg
quantize.o:lbl_804119A8
GXInit.o:gap_06_8044E7C4_data
GXAttr.o:GXGetVtxAttrFmt
GXAttr.o:GXGetVtxDesc
GXAttr.o:GXSetVtxDescv
GXAttr.o:gap_08_804FF4EC_sdata
GXLight.o:GXInitLightSpot
GXPerf.o:GXReadGPMetric
GXTexture.o:GXGetTexBufferSize
GXTexture.o:__GXGetTexTileShift_8033E510
FatalContext
FatalParam
__AXDramImage
__AXITD
__AXOutSBuffer
__AXUpdates
__AXVPB
timerthread.o:TimerThreadStack
sdownmix.o:_3Snd.gAzimuthSpacingsLut
sfxrevc.o:tablecopyto
sndfxbus.o:LC9
sndfxbus.o:LC10
zAI.o:pad_05_803C8C60_rodata
zAI.o:_16AITrafficManager.mTrafficMinSpawnDist
zAI.o:_16AITrafficManager.mTrafficMaxSpawnDist
zAI.o:ForcePursuitStart
zAI.o:RoadNetSpeed
zAI.o:bDownVelTest
zAI.o:lbl_804152C0
zAI.o:lbl_804152DC
zAI.o:fDragDifficulty
zAI.o:bSpawnRacer
zAI.o:gRacer
zAI.o:bAiDriveReplay
zAI.o:bAiDriveReplayOld
zAI.o:lbl_80415440
zAI.o:lbl_80415444
zAI.o:lbl_80415448
zAI.o:lbl_8041544C
zAI.o:lbl_80415450
zAI.o:DebugCopFormation
zAI.o:CopFormationOverriden
zAI.o:numberIPV_misses
zAI.o:ForcePursuitNeverEnd
zAI.o:ForceRoadBlock
zAI.o:ForceRoadBlockSpikes
zAI.o:ForceClearRoadblock
zAI.o:ForcePursuitBail
zAI.o:kTimePerPerpHeatBump
zAI.o:ForcePursuitEnd
zAI.o:testPursuitBar
zAI.o:gHideGPSArrow
zAI.o:DestColliderRadius
zAI.o:yDeltScale
zAI.o:lbl_80415348
zAI.o:lbl_8041541C
zAI.o:lbl_80415420
zAI.o:lbl_80415438
zAI.o:lbl_803C9F0C
zAI.o:lbl_803CA49C
zAI.o:lbl_803C9D9C
zAI.o:gap_06_8041549C_data
zAI.o:gap_06_80415478_data
zAI.o:gap_06_80415260_data
zAI.o:pad_06_80415180_data
zAI.o:gap_06_80415230_data
zAI.o:gap_06_80415370_data
zAI.o:gap_06_804153F8_data
zAI.o:gap_06_80415414_data
zAI.o:gap_06_80415498_data
zAI.o:gap_08_804FEDC8_sdata
zAnim.o:lbl_803CF348
zAnim.o:lbl_803CF354
zAnim.o:lbl_803CF37C
zAnim.o:lbl_803CF388
zAnim.o:lbl_80415678
zAnim.o:gap_06_804155F4_data
zAnim.o:gap_06_8041577C_data
zAnim.o:gap_06_804158B4_data
zAnim.o:gap_07_80457768_bss
zAttribSys.o:$LC2151483776
zAttribSys.o:$LC2151483788
zAttribSys.o:$LC2151483828
zAttribSys.o:$LC2151483840
zAttribSys.o:$LC2151483852
zAttribSys.o:$LC2151483864
zAttribSys.o:$LC2151483872
zAttribSys.o:$LC2151483892
zAttribSys.o:$LC2151483912
zAttribSys.o:$LC2151483932
zAttribSys.o:$LC2151483948
zAttribSys.o:$LC2151483968
zAttribSys.o:$LC2151483988
zAttribSys.o:$LC2151484004
zAttribSys.o:$LC2151484020
zAttribSys.o:$LC2151484036
zAttribSys.o:$LC2151484052
zAttribSys.o:$LC2151484076
zAttribSys.o:$LC2151484092
zAttribSys.o:$LC2151484116
zAttribSys.o:$LC2151484132
zAttribSys.o:$LC2151484152
zAttribSys.o:$LC2151484176
zAttribSys.o:$LC2151484192
zAttribSys.o:$LC2151484216
zAttribSys.o:$LC2151484236
zAttribSys.o:$LC2151484256
zAttribSys.o:$LC2151484280
zAttribSys.o:$LC2151484304
zAttribSys.o:$LC2151484324
zAttribSys.o:$LC2151484352
zAttribSys.o:$LC2151484384
zAttribSys.o:$LC2151484412
zAttribSys.o:$LC2151484452
zAttribSys.o:$LC2151484480
zAttribSys.o:$LC2151484508
zAttribSys.o:$LC2151484528
zAttribSys.o:$LC2151484548
zAttribSys.o:$LC2151484576
zAttribSys.o:$LC2151484580
zAttribSys.o:$LC2151484584
zAttribSys.o:$LC2151484604
zAttribSys.o:$LC2151484624
zAttribSys.o:$LC2151484648
zAttribSys.o:gap_06_804158E4_data
zAttribSys.o:gap_06_8041590C_data
zAttribSys.o:gap_07_8045778C_bss
zBWare.o:lbl_803D0E18
zBWare.o:lbl_8041641C
zBWare.o:lbl_80416434
zBWare.o:gap_06_80415944_data
zBWare.o:gap_06_80416464_data
zBWare.o:gap_07_8045A80D_bss
zBWare.o:gap_07_8045A968_bss
zCamera.o:lbl_803D1928
zCamera.o:lbl_803D3AE8
zCamera.o:lbl_803D3BF0
zCamera.o:lbl_804164C8
zCamera.o:lbl_80416FF4
zCamera.o:lbl_80417008
zCamera.o:gap_06_80416490_data
zCamera.o:gap_06_804164DC_data
zCamera.o:gap_06_80416538_data
zCamera.o:gap_06_80416FE8_data
zCamera.o:gap_06_80417054_data
zCamera.o:gap_06_80417085_data
zCamera.o:gap_07_8045A99C_bss
zCamera.o:gap_07_8045AA34_bss
zCamera.o:gap_07_8045AA4C_bss
zCamera.o:gap_07_8045AA64_bss
zCamera.o:gap_07_8045AA7C_bss
zCamera.o:gap_07_8045AA94_bss
zCamera.o:gap_07_8045AAAC_bss
zCamera.o:gap_07_8045AAC4_bss
zDebug.o:lbl_803D3C78
zDebug.o:lbl_803D3CE8
zDebug.o:lbl_803D3DC4
zDynamics.o:lbl_803D3DC8
zDynamics.o:lbl_803D3FD8
zDynamics.o:gap_06_804170CC_data
zEagl4Anim.o:lbl_803D3FE8
zEagl4Anim.o:lbl_803D4158
zEagl4Anim.o:lbl_803D429A
zEagl4Anim.o:lbl_803D42AD
zEagl4Anim.o:lbl_80417104
zEagl4Anim.o:lbl_8041710C
zEagl4Anim.o:gap_06_80417164_data
zEagl4Anim.o:gap_06_804175E0_data
zEagl4Anim.o:gap_07_8045B1B8_bss
zEagl4Anim.o:gap_07_8045B1DC_bss
zEAXSound.o:gLastIGTRAXmask
zEAXSound.o:gLastFETRAXmask
zEAXSound.o:g_fPS2DemoVolume
zEAXSound.o:UsedSPURam
zEAXSound.o:UsedMainRam
zEAXSound.o:SoundRegionsLoadedCallback
zEAXSound.o:SoundRegionsLoadedCallbackParam
zEAXSound.o:bSoundRegionLoadingInProgress
zEAXSound.o:StartLoadingSoundRegionsTicks
zEAXSound.o:nTestNFSMixShape
zEAXSound.o:nIncrement
zEAXSound.o:uDynMixUpdateTicks
zEAXSound.o:fdmixpeaktime
zEAXSound.o:bTestSpeech
zEAXSound.o:testspeech
zEAXSound.o:PRINT_AUDIO_MEM_POOL
zEAXSound.o:PRINT_SND11_MEM_POOL
zEAXSound.o:lbl_804177A8
zEAXSound.o:lbl_804177AC
zEAXSound.o:nengineupgradelevel
zEAXSound.o:ExhManufacterer
zEAXSound.o:PRINT_ASSET_WAITLIST
zEAXSound.o:gSubscribedFlag
zEAXSound.o:PRINT_SND_IO_DEBUG
zEAXSound.o:lbl_804177D0
zEAXSound.o:DEBUG_PRINT_FE_SND
zEAXSound.o:g_fTableTurnSpeed
zEAXSound.o:DEBUG_ONLINE_ENGINES
zEAXSound.o:AI_CARS_BANKS
zEAXSound.o:g_AI_PITCH_OFFSET
zEAXSound.o:SND_AI_FollowAICar
zEAXSound.o:ntesthackbullshit
zEAXSound.o:gnTestSoundSphereCrap
zEAXSound.o:gbTunerCarUpdate
zEAXSound.o:nLargestAllocation
zEAXSound.o:CsisCnt
zEAXSound.o:g_PC_UpdateRate
zEAXSound.o:g_PC_SampleRate
zEAXSound.o:g_PC_SampRate_Override
zEAXSound.o:gn_PS2TestStreamBufferSize
zEAXSound.o:gn_GCTestStreamBufferSize
zEAXSound.o:WRITEAIFF
zEAXSound.o:SAVEAIFF
zEAXSound.o:g_HACKTRAINVOLUME
zEAXSound.o:DEBUG_PRUNING_STITCHS
zEAXSound.o:SPEW_AI_STATE_INFO
zEAXSound.o:GN_HACK_STREAM_TYPE
zEAXSound.o:lbl_80417980
zEAXSound.o:lbl_80417984
zEAXSound.o:lbl_80417988
zEAXSound.o:CarIdPrintHeight
zEAXSound.o:CarIdPrintWidth
zEAXSound.o:CarIdPrintColor
zEAXSound.o:JustEnteredPostRace
zEAXSound.o:g_IG_Music_Scale
zEAXSound.o:$LC2151505464
zEAXSound.o:$LC2151506246
zEAXSound.o:$LC2151507404
zEAXSound.o:$LC2151509088
zEAXSound.o:lbl_804176C0
zEAXSound.o:lbl_80417654
zEAXSound.o:lbl_804176B8
zEAXSound.o:lbl_80417820
zEAXSound.o:lbl_80417898
zEAXSound.o:lbl_804178E4
zEAXSound.o:lbl_80417910
zEAXSound.o:lbl_80417980
zEAXSound.o:lbl_80417A40
zEAXSound.o:lbl_80417A9E
zEAXSound.o:g_SpewData
zEAXSound.o:g_RPM
zEAXSound.o:g_TRQ
zEAXSound.o:DEBUGPRINT_MIXERCONNECT
zEAXSound.o:debug_memory_holes
zEAXSound.o:DEBUG_SNDCTRLSTATES
zEAXSound.o:DEBUG_SNDPAUSE
zEAXSound.o:bVerifyMemForStitches
zEAXSound.o:SPEW_HYBRID_MIX
zEAXSound.o:DISPLAY_HYBRID_MIX
zEAXSound.o:HARDCODE_RPM
zEAXSound.o:ToggleReflection
zEAXSound.o:DEBUG_PRINT_TUNNEL
zEAXSound.o:DEBUG_REVERB_CHANGES
zEAXSound.o:DebugOcclusionProfile
zEAXSound.o:bIsMapInQueuedFileLoad
zEAXSound.o:DEBUG_GAME_STATE
zEAXSound.o:MaxVoiceCnt
zEAXSound.o:nDebug3DMix
zEAXSound.o:nt1
zEAXSound.o:nt2
zEAXSound.o:gnStopMusic
zEAXSound.o:rs_cur
zEAXSound.o:lbl_80417638
zEAXSound.o:DEBUG_360MEM
zEAXSound.o:gap_06_80417640_data
zEAXSound.o:gap_06_80417638_data
zEAXSound.o:gap_06_804176A0_data
zEAXSound.o:gap_06_80417750_data
zEAXSound.o:gap_06_80417770_data
zEAXSound.o:gap_06_80417790_data
zEAXSound.o:gap_06_804177BC_data
zEAXSound.o:gap_06_804177C4_data
zEAXSound.o:gap_06_80417810_data
zEAXSound.o:gap_06_80417840_data
zEAXSound.o:gap_06_80417884_data
zEAXSound.o:gap_06_804178F0_data
zEAXSound.o:gap_06_804178F8_data
zEAXSound.o:gap_06_804179AC_data
zEAXSound.o:gap_06_804179E8_data
zEAXSound.o:gap_06_804179FC_data
zEAXSound.o:gap_06_80417A0C_data
zEAXSound.o:gap_06_80417ABC_data
zEAXSound.o:gap_07_8045B270_bss
zEAXSound.o:gap_07_8045B298_bss
zEAXSound.o:gap_07_8045B2B8_bss
zEAXSound.o:gap_07_8045B30C_bss
zEAXSound.o:gap_07_8045DDC8_bss
zEAXSound.o:gap_07_8045DDF4_bss
zEAXSound2.o:nLastOne
zEAXSound2.o:nDUMMY_3DOUT
zEAXSound2.o:nUnityMixScale
zEAXSound2.o:nDBGP_DYNMIX_SUBS
zEAXSound2.o:DEBUG_MIXER_BAIL
zEAXSound2.o:nDBGP_DYNMIX
zEAXSound2.o:lbl_8041897C
zEAXSound2.o:lbl_804183DC
zEAXSound2.o:SIZE_OF_g_REVERBFXMODULES
zEAXSound2.o:SIZE_OF_g_DOPPLER_PARAMS
zEAXSound2.o:DEBUG_MOMENT_STRM
zEAXSound2.o:SND_PRINT_STRM_BLOCK
zEAXSound2.o:DBGPRNT_EATRAX
zEAXSound2.o:DEBUG_SFXOBJ_INIT
zEAXSound2.o:gap_06_8041829C_data
zEAXSound2.o:DEBUG_STREAMS
zEAXSound2.o:_13SFXObj_Reverb.bUnavailable
zEAXSound2.o:_13SFXObj_Reverb.m_UnusedBuffer
zEAXSound2.o:END_RECORD_GINSU_ENGINE_INFO
zEAXSound2.o:START_RECORD_GINSU_ENGINE_INFO
zEAXSound2.o:DataToPlayBack
zEAXSound2.o:PLAYBACK_USING_ENGINE_PITCH
zEAXSound2.o:PLAYBACK_ENGINE_INFO
zEAXSound2.o:SPEW_ENGINE_INFO
zEAXSound2.o:DISPLAY_VOLUMES_MIX
zEAXSound2.o:SparkChatVol
zEAXSound2.o:SHIFTING_ATTACK_MIXER_VOL
zEAXSound2.o:gap_06_80417E84_data
zEAXSound2.o:TWO_PLYR_XFADE_AZIM_MIN_DIST
zEAXSound2.o:TWO_PLYR_XFADE_AZIM_MAX_DIST
zEAXSound2.o:SND_PRINT_CAMERA_STATE
zEAXSound2.o:lbl_803D9050
zEAXSound2.o:lbl_803DA360
zEAXSound2.o:lbl_803DA370
zEAXSound2.o:lbl_803DD658
zEAXSound2.o:lbl_80417E7C
zEAXSound2.o:lbl_80417F74
zEAXSound2.o:lbl_80417FB4
zEAXSound2.o:lbl_80418278
zEAXSound2.o:lbl_804183D4
zEAXSound2.o:lbl_80418978
zEAXSound2.o:lbl_80418A30
zEAXSound2.o:lbl_803DAFBC
zEAXSound2.o:lbl_803DAC54
zEAXSound2.o:lbl_803DAC3D
zEAXSound2.o:lbl_803DAC34
zEAXSound2.o:LastRandom.25127
gap_06_80417DA8_data
zEAXSound2.o:gap_06_80417E44_data
zEAXSound2.o:gap_06_80417E64_data
zEAXSound2.o:gap_06_80417EC8_data
zEAXSound2.o:gap_06_80417F3C_data
zEAXSound2.o:gap_06_80417FC8_data
zEAXSound2.o:gap_06_80417FFC_data
zEAXSound2.o:gap_06_80418058_data
zEAXSound2.o:gap_06_80418084_data
zEAXSound2.o:gap_06_804180D0_data
zEAXSound2.o:gap_06_80418188_data
zEAXSound2.o:gap_06_80418290_data
zEAXSound2.o:gap_06_804182AC_data
zEAXSound2.o:gap_06_804182F8_data
zEAXSound2.o:gap_06_8041833C_data
zEAXSound2.o:gap_06_80418360_data
zEAXSound2.o:gap_06_80418950_data
zEAXSound2.o:gap_06_8041A560_data
zEAXSound2.o:gap_06_8041A570_data
zEAXSound2.o:gap_07_8045DE68_bss
zEAXSound2.o:gap_07_8045DEE0_bss
zEAXSound2.o:gap_07_8045EC1C_bss
zEcstasy.o:lbl_803DD6DC
zEcstasy.o:lbl_803DD6F0
zEcstasy.o:lbl_803DD704
zEcstasy.o:lbl_803DD718
zEcstasy.o:lbl_803DD728
zEcstasy.o:lbl_803DD73C
zEcstasy.o:lbl_803DD750
zEcstasy.o:lbl_803DD760
zEcstasy.o:lbl_803DD770
zEcstasy.o:lbl_803DD788
zEcstasy.o:lbl_803DD798
zEcstasy.o:lbl_803DD7B4
zEcstasy.o:lbl_803DD7BC
zEcstasy.o:lbl_803DD7C4
zEcstasy.o:lbl_803DD91C
zEcstasy.o:lbl_8041A62C
zEcstasy.o:lbl_8041A64C
zEcstasy.o:lbl_8041A65C
zEcstasy.o:lbl_8041A688
zEcstasy.o:lbl_8041A6A8
zEcstasy.o:lbl_8041ABE4
zEcstasy.o:lbl_8041AC98
zEcstasy.o:lbl_8041ACAC
zEcstasy.o:lbl_8041ACE8
zEcstasy.o:lbl_8041AD10
zEcstasy.o:lbl_8041ADE8
zEcstasy.o:lbl_8041AE3A
zEcstasy.o:lbl_8041AE5C
zEcstasy.o:lbl_8041AF1C
zEcstasy.o:lbl_8041AF70
zEcstasy.o:lbl_8041AF88
zEcstasy.o:lbl_8041AFC0
zEcstasy.o:lbl_8041B034
zEcstasy.o:lbl_8041B090
zEcstasy.o:lbl_8041B0C8
zEcstasy.o:lbl_8041B0F4
zEcstasy.o:lbl_8041B118
zEcstasy.o:lbl_8041B130
zEcstasy.o:lbl_8041B13C
zEcstasy.o:lbl_8041B400
zEcstasy.o:lbl_8041B468
zEcstasy.o:lbl_8041B49C
zEcstasy.o:lbl_8041B4B8
zEcstasy.o:lbl_8041B4C4
zEcstasy.o:lbl_8041B4D8
zEcstasy.o:gap_06_8041A5C4_data
zEcstasy.o:gap_06_8041A624_data
zEcstasy.o:gap_06_8041A661_data
zEcstasy.o:gap_06_8041A670_data
zEcstasy.o:gap_06_8041AB58_data
zEcstasy.o:gap_06_8041AB70_data
zEcstasy.o:gap_06_8041AB90_data
zEcstasy.o:gap_06_8041AC18_data
zEcstasy.o:gap_06_8041AC70_data
zEcstasy.o:gap_06_8041ACF8_data
zEcstasy.o:gap_06_8041AD0A_data
zEcstasy.o:gap_06_8041AD5A_data
zEcstasy.o:gap_06_8041AD71_data
zEcstasy.o:gap_06_8041AD7D_data
zEcstasy.o:gap_06_8041AD82_data
zEcstasy.o:gap_06_8041AD86_data
zEcstasy.o:gap_06_8041AD90_data
zEcstasy.o:gap_06_8041ADF2_data
zEcstasy.o:gap_06_8041AE02_data
zEcstasy.o:gap_06_8041AFB3_data
zEcstasy.o:gap_06_8041AFDF_data
zEcstasy.o:gap_06_8041B014_data
zEcstasy.o:gap_06_8041B028_data
zEcstasy.o:gap_06_8041B0AC_data
zEcstasy.o:gap_06_8041B418_data
zEcstasy.o:gap_06_8041B4A4_data
zEcstasy.o:gap_06_8041B520_data
zEcstasy.o:gap_06_8041B530_data
zEcstasy.o:gap_07_80461F54_bss
zEcstasy.o:gap_07_80466F98_bss
zEcstasy.o:gap_07_80467048_bss
zEcstasy.o:gap_07_8046A760_bss
zEcstasy.o:gap_07_8046BA0C_bss
zEcstasy.o:gap_07_8046C0A4_bss
zEcstasy.o:gap_07_8046D14B_bss
zEcstasy.o:gap_07_80472174_bss
zFe.o:lbl_803DF568
zFe.o:lbl_8041B998
zFe.o:lbl_8041BBCC
zFe.o:lbl_803E0636
zFe.o:lbl_803E1F8C
zFe.o:gap_06_8041B5DC_data
zFe.o:gap_06_8041B5FC_data
zFe.o:gap_06_8041B63C_data
zFe.o:gap_06_8041B648_data
zFe.o:gap_06_8041BA74_data
zFe.o:gap_06_8041BBD8_data
zFe.o:gap_06_8041BC6C_data
zFe.o:gap_06_8041BC98_data
zFe2.o:lbl_803E4380
zFe2.o:lbl_803E72B0
zFe2.o:lbl_803E72B8
zFe2.o:lbl_803EA7E4
zFe2.o:lbl_8041BE5C
zFe2.o:lbl_8041C458
zFe2.o:lbl_8041C464
zFe2.o:lbl_8041C474
zFe2.o:lbl_8041CBB0
zFe2.o:lbl_8041CE74
zFe2.o:gap_06_8041BE2C_data
zFe2.o:gap_06_8041BE68_data
zFe2.o:gap_06_8041BE7C_data
zFe2.o:gap_06_8041C198_data
zFe2.o:gap_06_8041C34A_data
zFe2.o:gap_06_8041C488_data
zFe2.o:gap_06_8041CBA0_data
zFe2.o:gap_06_8041CE68_data
zFEng.o:pad_05_803EA7E8_rodata
zFEng.o:gap_06_8041D01C_data
zFEng.o:lbl_803EA93C
zFEng.o:lbl_803EAC3C
zFEng.o:lbl_8041D078
zFEng.o:lbl_8041D14C
zFEng.o:lbl_8041D174
zFoundation.o:pad_05_803EB230_rodata
zFoundation.o:SN_FPE
zFoundation.o:lbl_803EB3A8
zFoundation.o:lbl_803EB3F0
zFoundation.o:lbl_803EBB3C
zFoundation.o:lbl_8041D204
zFoundation.o:gap_05_803EBB40_rodata
zFoundation.o:gap_06_8041D1D0_data
zFoundation.o:gap_06_8041D1E4_data
zFoundation.o:gap_06_8041D1F0_data
zGameplay.o:pad_05_803EBB48_rodata
zGameplay.o:lbl_803EBE94
zGameplay.o:lbl_803EC7C4
zGameplay.o:lbl_803ECF64
zGameplay.o:lbl_803ED330
zGameplay.o:lbl_803ED333
zGameplay.o:lbl_8041D3AC
zGameplay.o:gap_06_8041D2D0_data
zGameplay.o:gap_06_8041D310_data
zGameplay.o:gap_06_8041D38C_data
zGameplay.o:gap_06_8041D3A0_data
zGameplay.o:gap_06_8041D53C_data
zGameplay.o:gap_06_8041D584_data
zGameplay.o:gap_06_8041D594_data
zLua.o:pad_05_803ED338_rodata
zLua.o:lbl_803EF57B
zLua.o:gap_06_8041D664_data
zLua.o:gap_06_8041D720_data
zLua.o:gap_06_8041D72C_data
zMain.o:lbl_803EF580
zMain.o:lbl_8041E470
zMain.o:lbl_8041E4C4
zMain.o:gap_06_8041D804_data
zMain.o:gap_06_8041DFA0_data
zMain.o:gap_06_8041E4E8_data
zMisc.o:lbl_803F6489
zMisc.o:lbl_803F5094
zMisc.o:lbl_8041E604
zMisc.o:lbl_8041EA40
zMisc.o:lbl_8041EA8C
zMisc.o:lbl_8041EABD
zMisc.o:lbl_8041ED54
zMisc.o:gap_06_8041E50C_data
zMisc.o:gap_06_8041E5A4_data
zMisc.o:gap_06_8041E5AC_data
zMisc.o:gap_06_8041E5CC_data
zMisc.o:gap_06_8041E72C_data
zMisc.o:gap_06_8041E7B0_data
zMisc.o:gap_06_8041E7C0_data
zMisc.o:gap_06_8041E7DC_data
zMisc.o:gap_06_8041E7E4_data
zMisc.o:gap_06_8041E7F0_data
zMisc.o:gap_06_8041E804_data
zMisc.o:gap_06_8041EA38_data
zMisc.o:gap_06_8041EA7C_data
zMisc.o:gap_06_8041EA9C_data
zMisc.o:gap_06_8041EC24_data
zMisc.o:gap_06_8041ED40_data
zMisc.o:gap_07_804800C4_bss
zMisc.o:gap_07_804801A0_bss
zMiscSmall.o:lbl_803F6730
zMiscSmall.o:lbl_803F67BF
zMiscSmall.o:lbl_8041ED80
zMiscSmall.o:lbl_8041EDC0
zMiscSmall.o:lbl_8041EE18
zMiscSmall.o:lbl_8041EE3C
zMiscSmall.o:lbl_8041EE48
zMiscSmall.o:lbl_8041EE70
zMiscSmall.o:lbl_8041EE8C
zMiscSmall.o:lbl_8041EED8
zMiscSmall.o:lbl_8041EEF0
zMiscSmall.o:gap_06_8041EE04_data
zMiscSmall.o:gap_06_8041EE24_data
zMiscSmall.o:gap_06_8041EE68_data
zMiscSmall.o:gap_06_8041EEA0_data
zMiscSmall.o:gap_06_8041EEC0_data
zMiscSmall.o:gap_06_8041EED0_data
zMiscSmall.o:gap_06_8041EFA0_data
zMiscSmall.o:gap_06_8041EFE4_data
zMission.o:gap_07_804801B4_bss
zOnline.o:lbl_803A4240
zOnline.o:lbl_803A4268
zOnline.o:lbl_803A4274
zOnline.o:lbl_803A4280
zOnline.o:lbl_803A428C
zOnline.o:lbl_803a4234
zPhysics.o:pad_05_803F68F0_rodata
zPhysics.o:lbl_8041EFF0
zPhysics.o:lbl_8041F00C
zPhysics.o:lbl_8041F024
zPhysics.o:gap_06_8041F058_data
zPhysics.o:gap_06_8041F160_data
zPhysics.o:gap_06_8041F168_data
zPhysics.o:gap_07_80480218_bss
zPhysics.o:gap_07_80480474_bss
zPhysics.o:gap_07_804804F4_bss
zPhysics.o:gap_07_80483B14_bss
zPhysics.o:gap_07_80483E14_bss
zPhysics.o:gap_07_80484E68_bss
zPhysicsBehaviors.o:CounterSteerOff
zPhysicsBehaviors.o:MAX_STEERING
zPhysicsBehaviors.o:MaxSlipAngle
zPhysicsBehaviors.o:YawLimitBegin
zPhysicsBehaviors.o:YawLimitMax
zPhysicsBehaviors.o:YawLimitScale
zPhysicsBehaviors.o:lbl_803FA7B0
zPhysicsBehaviors.o:lbl_803FADF4
zPhysicsBehaviors.o:lbl_803FAE24
zPhysicsBehaviors.o:lbl_803FAE68
zPhysicsBehaviors.o:lbl_803FAE84
zPhysicsBehaviors.o:lbl_803FAE98
zPhysicsBehaviors.o:lbl_803FAEB4
zPhysicsBehaviors.o:lbl_803FAEC8
zPhysicsBehaviors.o:lbl_803FAEDC
zPhysicsBehaviors.o:lbl_803FAEF2
zPhysicsBehaviors.o:lbl_803FAEFC
zPhysicsBehaviors.o:lbl_803FAF0C
zPhysicsBehaviors.o:lbl_803FAF1C
zPhysicsBehaviors.o:lbl_803FAF2C
zPhysicsBehaviors.o:lbl_803FAF3C
zPhysicsBehaviors.o:lbl_804020FC
zPhysicsBehaviors.o:lbl_80402100
zPhysicsBehaviors.o:gap_06_8041F1C0_data
zPhysicsBehaviors.o:gap_06_8041F694_data
zPhysicsBehaviors.o:gap_06_8041F6A0_data
zPhysicsBehaviors.o:gap_07_80484EC8_bss
zPhysicsBehaviors.o:gap_07_80484EE8_bss
zPhysicsBehaviors.o:gap_07_80484F08_bss
zPhysicsBehaviors.o:gap_07_80484F60_bss
zPhysicsBehaviors.o:gap_07_80484FF0_bss
zPhysicsBehaviors.o:gap_07_80485010_bss
zPhysicsBehaviors.o:gap_07_8048BCA8_bss
zPlatform.o:pad_05_80402108_rodata
zPlatform.o:bin_globala_bun
zPlatform.o:lbl_80403B3C
zPlatform.o:lbl_8041F818
zPlatform.o:lbl_8041F834
zPlatform.o:lbl_8041F84C
zPlatform.o:lbl_8041F858
zPlatform.o:gap_06_8041F72C_data
zPlatform.o:gap_06_8041F82C_data
zPlatform.o:gap_06_8041F84E_data
zPlatform.o:gap_06_8043573C_data
zPlatform.o:gap_06_80435744_data
zPlatform.o:gap_07_8048DD44_bss
zPlatform.o:gap_07_80491328_bss
zPlatform.o:gap_07_80493188_bss
zPlatform.o:gap_07_804931B0_bss
zRender.o:gap_06_80435770_data
zSim.o:pad_05_80403F48_rodata
zSim.o:lbl_804358B0
zSim.o:gap_06_80435824_data
zSim.o:gap_06_80435834_data
zSim.o:gap_06_80435840_data
zSim.o:gap_06_8043584C_data
zSim.o:gap_06_80435858_data
zSim.o:gap_06_804358A8_data
zSim.o:gap_06_804358B8_data
zSim.o:gap_06_804358D4_data
zSpeech.o:MessageEventComplete__Q26Speech11PursuitFlowRC19MNotifySpeechStatus
zSpeech.o:lbl_80405E10
zSpeech.o:lbl_804074FC
zSpeech.o:lbl_80407570
zSpeech.o:lbl_80407574
zSpeech.o:gap_06_80435974_data
zSpeech.o:gap_06_8043597C_data
zSpeech.o:gap_06_804359BE_data
zSpeech.o:gap_06_804359C4_data
zSpeech.o:gap_06_80435E78_data
zSpeech.o:gap_06_80435E8D_data
zSpeech.o:gap_06_80435EA4_data
zSpeech.o:gap_06_80435F24_data
zTrack.o:lbl_80435F78
zTrack.o:lbl_80435FF0
zTrack.o:lbl_80436030
zTrack.o:lbl_80436048
zTrack.o:lbl_804370EC
zTrack.o:lbl_8043710C
zTrack.o:lbl_8043712C
zTrack.o:lbl_80437144
zTrack.o:gap_06_80435F60_data
zTrack.o:gap_06_80435F70_data
zTrack.o:gap_06_80435F84_data
zTrack.o:gap_06_80436004_data
zTrack.o:gap_06_80437058_data
zTrack.o:gap_06_80437064_data
zTrack.o:gap_06_80437138_data
zTrack.o:gap_06_8043716C_data
zTrack.o:gap_07_804A59DA_bss
zTrack.o:gap_07_804A5DB8_bss
zWorld.o:pad_05_80409D58_rodata
zWorld.o:Chance100
zWorld.o:ChancePercent
zWorld.o:CloudOffest
zWorld.o:DisplayCarLoaderMemoryOnScreen
zWorld.o:DistBoundSq0
zWorld.o:DoCompositeBlend
zWorld.o:DoPixelClear
zWorld.o:DrawSkyInReflection
zWorld.o:DrawSkySpecular
zWorld.o:DrawTrunkAudio
zWorld.o:DripSpeed
zWorld.o:DropShapeSpeedChange
zWorld.o:FOGbias
zWorld.o:ForceCopLightsOn
zWorld.o:ForceDriverModelOn
zWorld.o:FrustrumFactor
zWorld.o:GlobHorizEnable
zWorld.o:HAILRadiusX
zWorld.o:HAILRadiusY
zWorld.o:HAILRadiusZ
zWorld.o:HAILX
zWorld.o:HAILY
zWorld.o:HAILZ
zWorld.o:HAILZconstant
zWorld.o:HAILbias
zWorld.o:HAILstick
zWorld.o:HAILwindEffect
zWorld.o:HorizClear
zWorld.o:MAX_CONTACTS_PER_FRAME
zWorld.o:MAX_CONTACT_RESOLUTIONS
zWorld.o:NumRandomPartUpgrades
zWorld.o:ONEpNoRainConnexion
zWorld.o:OverRide
zWorld.o:OverridePlayerCarControlMode
zWorld.o:PartDamage_Test
zWorld.o:PrevailingMult
zWorld.o:PrintLightMat
zWorld.o:PrintLightMatX
zWorld.o:PrintLightMatY
zWorld.o:PrintSkyRender
zWorld.o:PrintWorldObjectDebugInfo
zWorld.o:RAINbias
zWorld.o:RAINstick
zWorld.o:RainCube
zWorld.o:SKYHashIndex
zWorld.o:SLEETRadiusX
zWorld.o:SLEETRadiusY
zWorld.o:SLEETRadiusZ
zWorld.o:SLEETX
zWorld.o:SLEETY
zWorld.o:SLEETZ
zWorld.o:SLEETZconstant
zWorld.o:SLEETbias
zWorld.o:SLEETstick
zWorld.o:SLEETwindEffect
zWorld.o:SNOWLINE
zWorld.o:SNOWLINErange
zWorld.o:SNOWRadiusX
zWorld.o:SNOWRadiusY
zWorld.o:SNOWRadiusZ
zWorld.o:SNOWX
zWorld.o:SNOWY
zWorld.o:SNOWZ
zWorld.o:SNOWZconstant
zWorld.o:SNOWbias
zWorld.o:SNOWstick
zWorld.o:SNOWwindEffect
zWorld.o:SkyTexLoaded
zWorld.o:SpeedMod
zWorld.o:TestSpriteAngle
zWorld.o:TestSpriteonoff
zWorld.o:TexturedHeadLightsAccuracy
zWorld.o:TexturedHeadLightsON
zWorld.o:TweakerPauseWorld
zWorld.o:UseMainSkyInEnvMap
zWorld.o:WhichCarsRegisteredDriveTargetToRender
zWorld.o:WhichCollisionPredictionIterationToRender
zWorld.o:bForceNeonsToBeCopCars
zWorld.o:bbmul
zWorld.o:blurOverRide
zWorld.o:cameraMod
zWorld.o:carSkinSlotPool
zWorld.o:changetime.14948
zWorld.o:driveFactor
zWorld.o:fogPercent
zWorld.o:g_tweakAIDriftOpponents
zWorld.o:g_tweakBurnoutPhysics
zWorld.o:g_tweakDriftPhysics
zWorld.o:hOffZ
zWorld.o:hOffZ00
zWorld.o:hOffZ11
zWorld.o:hOffZ22
zWorld.o:hOffZ33
zWorld.o:index.14943
zWorld.o:lbl_8040A37D
zWorld.o:lbl_8040A42E
zWorld.o:lbl_8040A45F
zWorld.o:lbl_8040A498
zWorld.o:lbl_8040A4D0
zWorld.o:lbl_8040A514
zWorld.o:lbl_8040A560
zWorld.o:lbl_8040A59B
zWorld.o:lbl_8040AB8E
zWorld.o:lbl_8040B1B0
zWorld.o:lbl_8040B1C8
zWorld.o:lbl_8040B1DC
zWorld.o:lbl_8040B1F4
zWorld.o:lbl_8040B20C
zWorld.o:lbl_8040B220
zWorld.o:lbl_8040B23B
zWorld.o:lbl_8040B2E2
zWorld.o:lbl_8040B373
zWorld.o:lbl_8040B49C
zWorld.o:lbl_8040B4D8
zWorld.o:lbl_8040C9FF
zWorld.o:lbl_8040CAA9
zWorld.o:lbl_8040CAC0
zWorld.o:lbl_8040CAC8
zWorld.o:lbl_8040CAD0
zWorld.o:lbl_8040CB0D
zWorld.o:lbl_80437270
zWorld.o:lbl_80437274
zWorld.o:lbl_80437278
zWorld.o:lbl_8043727C
zWorld.o:lbl_80437280
zWorld.o:lbl_80437284
zWorld.o:lbl_804372DC
zWorld.o:lbl_80437614
zWorld.o:lbl_80438AA4
zWorld.o:lbl_80438AA8
zWorld.o:lbl_80438F08
zWorld.o:maxWindEffect
zWorld.o:my_xyz
zWorld.o:neghmm
zWorld.o:numTestSprites
zWorld.o:numTestSpritesmul
zWorld.o:pTextureInfo2PlayerHeadlight1
zWorld.o:platfomSkyScale
zWorld.o:precipAheadX
zWorld.o:precipAheadY
zWorld.o:precipAheadZ
zWorld.o:precipBoundD
zWorld.o:precipBoundX
zWorld.o:precipBoundY
zWorld.o:precipBoundZ
zWorld.o:precipDEBUG
zWorld.o:precipPERCENT
zWorld.o:precipRENDER
zWorld.o:px0
zWorld.o:px1
zWorld.o:px2
zWorld.o:px3
zWorld.o:py0
zWorld.o:py1
zWorld.o:py2
zWorld.o:py3
zWorld.o:rainPercent
zWorld.o:rh
zWorld.o:rl
zWorld.o:rw
zWorld.o:snowPercent
zWorld.o:taildrag
zWorld.o:testSpriteXoff
zWorld.o:twkCloudsRateOfChange
zWorld.o:twkRainRateOfChange
zWorld.o:twkVisualTreatmentPulseBrightness
zWorld.o:twkVisualTreatmentRadialBlur
zWorld.o:twkVisualTreatmentTargetHeat
zWorld.o:windAngType
zWorld.o:windState.14947
zWorld.o:wspeed
zWorld.o:xyzhmm
zWorld.o:gap_06_8043724C_data
zWorld.o:gap_06_804372A4_data
zWorld.o:gap_06_804372E8_data
zWorld.o:gap_06_80437426_data
zWorld.o:gap_06_80437604_data
zWorld.o:gap_06_80438F18_data
zWorld.o:gap_07_804A5E70_bss
zWorld.o:gap_07_804A5E90_bss
zWorld.o:gap_07_804A5EB0_bss
zWorld.o:gap_07_804A5EE0_bss
zWorld.o:gap_07_804A6031_bss
zWorld.o:gap_07_804A7C98_bss
zWorld.o:gap_07_804A7E2C_bss
zWorld.o:gap_07_804A80F0_bss
zWorld.o:gap_07_804A8104_bss
zWorld.o:gap_07_804A815C_bss
zWorld.o:gap_07_804AA55C_bss
zWorld2.o:lbl_8040DFE8
zWorld2.o:lbl_8040E6D4
zWorld2.o:lbl_8040EC66
zWorld2.o:lbl_8040ECE4
zWorld2.o:lbl_8040ED07
zWorld2.o:lbl_8040F028
zWorld2.o:gap_06_80438F5C_data
zWorld2.o:gap_06_80438F6C_data
zWorld2.o:gap_06_80438F72_data
zWorld2.o:gap_06_80438F7C_data
zWorld2.o:gap_06_80438F84_data
zWorld2.o:gap_06_80438FD8_data
zWorld2.o:gap_06_80439000_data
zWorld2.o:gap_06_8043900C_data
zWorld2.o:gap_06_80439028_data
zWorld2.o:gap_06_80439038_data
zWorld2.o:gap_07_804AA618_bss
zWorld2.o:gap_07_804AA690_bss
zWorld2.o:gap_07_804AA708_bss
zWorld2.o:gap_07_804AA730_bss
zWorld2.o:gap_07_804AA962_bss
zWorld2.o:gap_07_804AA9A4_bss
zWorld2.o:gap_07_804AAA84_bss
zFeOverlay.o:lbl_803C6A4C
zFeOverlay.o:lbl_803C6A72
zFeOverlay.o:lbl_803C6A92
zFeOverlay.o:lbl_803c6a40
zFeOverlay.o:lbl_8043923C
zFeOverlay.o:gap_06_80439154_data
zFeOverlay.o:gap_06_80439234_data
zFeOverlay.o:gap_06_8043948C_data
zFeOverlay.o:gap_06_804394AC_data
zFeOverlay.o:gap_06_804394C8_data
zFeOverlay.o:gap_07_804AB6B8_bss
asd2.o:PCwriteAsyncInit
asd2.o:fn_80310AF0
ssysinit.o:gap_07_804BED7D_bss
ssysinit.o:gap_07_804BED84_bss
sdspmix.o:gap_07_804C03A4_bss
sdspmix.o:gap_07_804C038C_bss
lbl_8040FF6C
lbl_8040FF74
lbl_8040FF78
lbl_8040FF80
lbl_8040FF88
lbl_8040FFB8
lbl_8040FFC0
lbl_8040FFCC
lbl_8040FFD0
lbl_8040FFD4
lbl_8040FFDC
lbl_8040FFE4
lbl_8040FFF0
lbl_8040FFFC
lbl_80410004
lbl_80410008
lbl_8041000C
lbl_80410010
lbl_804102E8
lbl_80410440
lbl_80412D7C
lbl_80413110
lbl_80413258
lbl_804132F0
lbl_80413768
lbl_804138A0
lbl_80414110
lbl_804143F8
lbl_804144C0
lbl_80414E98
lbl_80439660
lbl_8043967C
lbl_804396E0
lbl_804396F8
lbl_804396FC
lbl_80439718
gap_06_804396E2_data
gap_06_80439717_data
gap_06_80439730_data
gap_06_80439767_data
gap_06_804397E4_data
gap_06_80439F14_data
gap_06_8045285C_data
gap_06_80452A44_data
gap_06_804564FD_data
gap_06_8045652D_data
gap_06_8045655B_data
gap_07_804AB6B8_bss
gap_07_804B4F5C_bss
gap_07_804B4F6C_bss
gap_07_804B4F84_bss
gap_07_804B4FD2_bss
gap_07_804B5554_bss
gap_07_804B9EF9_bss
gap_07_804BA024_bss
lbl_804FEDE8
gap_07_804CC8FE_bss
gap_08_804FF52E_sdata
gap_08_804FF541_sdata
gap_08_804FF54A_sdata
gap_08_804FF553_sdata
gap_08_804FF559_sdata
gap_08_804FF563_sdata
gap_08_804FF584_sdata
gap_08_804FF589_sdata
gap_08_804FF594_sdata
gap_08_804FF59C_sdata
hlafile.o:gap_07_804CCEBC_bss
dvd_device.o:gap_07_804CCF84_bss
hd_device.o:gap_07_804D5014_bss
systask.o:gap_07_804D6538_bss
systemvars.o:gap_08_804FF650_sdata
gap_07_804DA6A4_bss
gap_07_804DAA70_bss
gap_07_804E27D0_bss
gap_07_804E2836_bss
gap_08_804FF88C_sdata
gap_08_804FF6D4_sdata
gap_08_804FF6CC_sdata
gap_08_804FF8A2_sdata
gap_08_804FF8AC_sdata
gap_09_804FF8D4_sbss
gap_09_804FFD64_sbss
gap_09_804FFD84_sbss
gap_09_804FFD8C_sbss
__AXLocalProfile
